 1: regInfo i0:∈{0, 1};
 2: test i0 == 1; F:→ 4                                     // if n == 1 {
 3: i0 ← 0; → 5                                             // n = 0
-4: i0 ← 1;                                                 // n = 1
-5: return i0                                               // return n
---
 1: test I0 == 1; F:→ 4                                     // if n == 1 {
 2: I0 ← 0;                                                 // n = 0
=3: return I0                                               // return n
-4: I0 ← 1; → 3                                             // n = 1
---
No constants
---
  public static argInfo(I)I
   L0
    LINENUMBER 1 L0
    ILOAD 0
    ICONST_1
    IF_ICMPNE L1
   L2
    LINENUMBER 2 L2
    ICONST_0
    ISTORE 0
   L3
    LINENUMBER 3 L3
   FRAME SAME
    ILOAD 0
    IRETURN
   L1
    LINENUMBER 4 L1
   FRAME CHOP 1
    ICONST_1
    ISTORE 0
    GOTO L3
    MAXSTACK = 2
    MAXLOCALS = 1
