  1: i2 ← 0;                                                 // count = 0
= 2: test i1 < 0; T:→ 9                                      // if m < 0 {
  3: test i0 == 1; T:→ 10                                    // if n == 1 {
  4: test iMod(i0, 2) == 0; F:→ 6                            // n = (n % 2 == 0) ? n / 2 : 3 * n + 1
  5: i0 ← iDiv(i0, 2); → 7
- 6: i0 ← iAdd(iMul(3, i0), 1);
- 7: i2 ← iAdd(i2, 1);                                       // count += 1
  8: back0 → 2 with i0, i2                                   // }
- 9: return i1                                               // return m
-10: return i2                                               // return count
---
 1: I2 ← 0;                                                 // count = 0
=2: test I1 < 0; T:→ 9                                      // if m < 0 {
 3: test I0 == 1; T:→ 8                                     // if n == 1 {
 4: test iMod(I0, 2) == 0; F:→ 7                            // n = (n % 2 == 0) ? n / 2 : 3 * n + 1
 5: I0 ← iDiv(I0, 2);
=6: I2 ← iAdd(I2, 1); → 2                                   // count += 1
-7: I0 ← iAdd(iMul(3, I0), 1); → 6                          // n = (n % 2 == 0) ? n / 2 : 3 * n + 1
-8: return I2                                               // return count
-9: return I1                                               // return m
---
No constants
---
  public static collatz(II)I
   L0
    LINENUMBER 1 L0
    ICONST_0
    ISTORE 2
   L1
    LINENUMBER 2 L1
   FRAME APPEND [I]
    ILOAD 1
    IFLT L2
   L3
    LINENUMBER 3 L3
    ILOAD 0
    ICONST_1
    IF_ICMPEQ L4
   L5
    LINENUMBER 4 L5
    ILOAD 0
    ICONST_2
    IREM
    IFNE L6
   L7
    LINENUMBER 5 L7
    ILOAD 0
    ICONST_2
    IDIV
    ISTORE 0
   L8
    LINENUMBER 6 L8
   FRAME SAME
    ILOAD 2
    ICONST_1
    IADD
    ISTORE 2
    GOTO L1
   L6
    LINENUMBER 7 L6
   FRAME SAME
    ICONST_3
    ILOAD 0
    IMUL
    ICONST_1
    IADD
    ISTORE 0
    GOTO L8
   L4
    LINENUMBER 8 L4
   FRAME FULL [T T I] []
    ILOAD 2
    IRETURN
   L2
    LINENUMBER 9 L2
   FRAME FULL [T I] []
    ILOAD 1
    IRETURN
    MAXSTACK = 2
    MAXLOCALS = 3
