  1: test i0 == 1; T:→ 12                                    // if n == 1 {
  2: i1 ← 0;                                                 // count = 0
= 3: i6 ← iAdd(i1, 1);                                       // t3 = count + 1
  4: test iMod(i0, 2) == 0; F:→ 6                            // if t0 == 0 {
  5: i11 ← iDiv(i0, 2); → 7                                  // t1 = t2
- 6: i11 ← iAdd(iMul(3, i0), 1);                             // t1 = t4
- 7: test i11 == 1; T:→ 11                                   // if n == 1 {
  8: i1 ← i6;                                                // count = t3
  9: i0 ← i11;                                               // n = t1
 10: back0 → 3 with i0, i1                                   // }
-11: return i6                                               // return t5
-12: return 0                                                // return 0
---
 1: test I0 == 1; T:→ 9                                     // if n == 1 {
 2: I1 ← 0;                                                 // count = 0
=3: I1 ← iAdd(I1, 1);                                       // t3 = count + 1
 4: test iMod(I0, 2) == 0; F:→ 8                            // if t0 == 0 {
 5: I0 ← iDiv(I0, 2);                                       // t1 = t2
=6: test I0 == 1; F:→ 3                                     // if n == 1 {
 7: return I1                                               // return t5
-8: I0 ← iAdd(iMul(3, I0), 1); → 6                          // t1 = t4
-9: return 0                                                // return 0
---
No constants
---
  public static collatz(I)I
   L0
    LINENUMBER 1 L0
    ILOAD 0
    ICONST_1
    IF_ICMPEQ L1
   L2
    LINENUMBER 2 L2
    ICONST_0
    ISTORE 1
   L3
    LINENUMBER 3 L3
   FRAME APPEND [I]
    ILOAD 1
    ICONST_1
    IADD
    ISTORE 1
   L4
    LINENUMBER 4 L4
    ILOAD 0
    ICONST_2
    IREM
    IFNE L5
   L6
    LINENUMBER 5 L6
    ILOAD 0
    ICONST_2
    IDIV
    ISTORE 0
   L7
    LINENUMBER 6 L7
   FRAME SAME
    ILOAD 0
    ICONST_1
    IF_ICMPNE L3
   L8
    LINENUMBER 7 L8
    ILOAD 1
    IRETURN
   L5
    LINENUMBER 8 L5
   FRAME SAME
    ICONST_3
    ILOAD 0
    IMUL
    ICONST_1
    IADD
    ISTORE 0
    GOTO L7
   L1
    LINENUMBER 9 L1
   FRAME CHOP 2
    ICONST_0
    IRETURN
    MAXSTACK = 2
    MAXLOCALS = 2
