 1: test i0 < 2; T:â†’ 3                                      // if n < 2 {
 2: return dMul(i0, factorial(iSub(i0, 1)))                 // return t2
-3: return 1                                                // return 1
---
 1: test I0 < 2; T:â†’ 3                                      // if n < 2 {
 2: return dMul(I0, factorial(iSub(I0, 1)))                 // return t2
-3: return 1                                                // return 1
---
const 0: MethodHandle(int)double
---
  public static factorial(I)D
   L0
    LINENUMBER 1 L0
    ILOAD 0
    ICONST_2
    IF_ICMPLT L1
   L2
    LINENUMBER 2 L2
    ILOAD 0
    I2D
    LoadConst 0
    ILOAD 0
    ICONST_1
    ISUB
    INVOKEVIRTUAL MethodHandle.invokeExact
    DMUL
    DRETURN
   L1
    LINENUMBER 3 L1
   FRAME CHOP 1
    DCONST_1
    DRETURN
    MAXSTACK = 5
    MAXLOCALS = 1
