  1: test i0 ∈{0, 1, 4..6} (< 9); F:→ 5                      // if n ∈ {0, 1, 4, 5, 6} {
  2: test i0 ∈{0, 1, 7} (< 9); T:→ 8                         // } else if n ∈ {0, 1, 7} {
  3: test i0 ∈{4, 5, 8} (< 9); T:→ 11                        // } else if n ∈ {4, 5, 8} {
  4: return 3                                                // return n / 2
- 5: test i0 ∈{0, 1, 7, 8} (< 9); T:→ 10                     // } else if n ∈ {0, 1, 7, 8} {
  6: test i0 == 2; T:→ 9                                     // } else if n == 2 {
  7: return 6                                                // return n * 2
- 8: return 1                                                // return 1
- 9: return 5                                                // return 5
-10: return 4                                                // return 4
-11: return 2                                                // return 2
---
  1: test I0 ∈{0, 1, 4..6} (< 9); F:→ 5                      // if n ∈ {0, 1, 4, 5, 6} {
  2: test I0 ∈{0, 1, 7} (< 9); T:→ 8                         // } else if n ∈ {0, 1, 7} {
  3: test I0 ∈{4, 5, 8} (< 9); T:→ 11                        // } else if n ∈ {4, 5, 8} {
  4: return 3                                                // return n / 2
- 5: test I0 ∈{0, 1, 7, 8} (< 9); T:→ 10                     // } else if n ∈ {0, 1, 7, 8} {
  6: test I0 == 2; T:→ 9                                     // } else if n == 2 {
  7: return 6                                                // return n * 2
- 8: return 1                                                // return 1
- 9: return 5                                                // return 5
-10: return 4                                                // return 4
-11: return 2                                                // return 2
---
No constants
---
  public static tagCheck(I)I
   L0
    LINENUMBER 1 L0
    ILOAD 0
    ICONST_2
    IF_ICMPEQ L1
    ILOAD 0
    ICONST_3
    IF_ICMPEQ L1
    ILOAD 0
    BIPUSH 7
    IF_ICMPEQ L1
    ILOAD 0
    BIPUSH 8
    IF_ICMPEQ L1
   L2
    LINENUMBER 2 L2
    ILOAD 0
    ICONST_1
    IF_ICMPLE L3
   L4
    LINENUMBER 3 L4
    ILOAD 0
    BIPUSH 6
    IF_ICMPNE L5
   L6
    LINENUMBER 4 L6
    ICONST_3
    IRETURN
   L1
    LINENUMBER 5 L1
   FRAME SAME
    ILOAD 0
    BIPUSH 7
    IF_ICMPGE L7
   L8
    LINENUMBER 6 L8
    ILOAD 0
    ICONST_2
    IF_ICMPEQ L9
   L10
    LINENUMBER 7 L10
    BIPUSH 6
    IRETURN
   L3
    LINENUMBER 8 L3
   FRAME CHOP 1
    ICONST_1
    IRETURN
   L9
    LINENUMBER 9 L9
   FRAME SAME
    ICONST_5
    IRETURN
   L7
    LINENUMBER 10 L7
   FRAME SAME
    ICONST_4
    IRETURN
   L5
    LINENUMBER 11 L5
   FRAME SAME
    ICONST_2
    IRETURN
    MAXSTACK = 8
    MAXLOCALS = 1
